{
  "dest": "example.com:53",
  "matched_rule": "623ec325",
  "chain": [
    "domain:example.com"
  ],
  "outbound": "direct"
}