{
  "name": "app",
  "version": "0.1.0",
  "commit": "3d88957510a8",
  "date": "2025-09-27T09:06:25.735664+00:00",
  "features": [
    "router"
  ]
}