{
  "dns": {
    "servers": [
      { "tag": "local",  "address": "udp://223.5.5.5", "detour": "direct" },
      { "tag": "remote", "address": "https://1.1.1.1/dns-query", "detour": "direct" },
      { "tag": "block",  "address": "rcode://refused" }
    ],
    "rules": [
      { "domain_suffix": ["lan"] },
      { "geosite": ["geolocation-!cn"] }
    ],
    "strategy": "ipv4_only"
  }
}
